// Jest Snapshot v1, https://goo.gl/fbAQLP

exports[`should render ExpenseListItem whith expense test data 1`] = `
<div>
  <Link
    to="/edit/2"
  >
    <h3>
      Rent
    </h3>
  </Link>
  <p>
    $1,095.00
    -
    28.12.1969
  </p>
</div>
`;
