// Jest Snapshot v1, https://goo.gl/fbAQLP

exports[`should render Header correctly 1`] = `
<header>
  <h1>
    Expensify
  </h1>
  <div>
    <NavLink
      activeClassName="is-active"
      exact={true}
      to="/dashboard"
    >
      Dashboard
    </NavLink>
     | 
    <NavLink
      activeClassName="is-active"
      to="/create"
    >
      Add Expense
    </NavLink>
     | 
    <NavLink
      activeClassName="is-active"
      to="/help"
    >
      Help
    </NavLink>
    <button
      onClick={[MockFunction]}
    >
      Logout
    </button>
  </div>
</header>
`;
